[0m12:06:37.057413 [debug] [MainThread]: Sending event: {'category': 'dbt', 'action': 'invocation', 'label': 'start', 'context': [<snowplow_tracker.self_describing_json.SelfDescribingJson object at 0x000001D5490F5760>, <snowplow_tracker.self_describing_json.SelfDescribingJson object at 0x000001D545A88CB0>, <snowplow_tracker.self_describing_json.SelfDescribingJson object at 0x000001D54939ECC0>]}


============================== 12:06:37.072587 | d456c7dc-8031-4470-8878-56aff17a0c8a ==============================
[0m12:06:37.072587 [info ] [MainThread]: Running with dbt=1.11.2
[0m12:06:37.074223 [debug] [MainThread]: running dbt with arguments {'static_parser': 'True', 'no_print': 'None', 'version_check': 'True', 'warn_error_options': 'WarnErrorOptionsV2(error=[], warn=[], silence=[])', 'target_path': 'None', 'printer_width': '80', 'write_json': 'True', 'introspect': 'True', 'log_cache_events': 'False', 'empty': 'False', 'cache_selected_only': 'False', 'log_format': 'default', 'debug': 'False', 'fail_fast': 'False', 'profiles_dir': 'C:\\Users\\mattd\\.dbt', 'send_anonymous_usage_stats': 'True', 'quiet': 'False', 'warn_error': 'None', 'partial_parse': 'True', 'invocation_command': 'dbt build', 'use_colors': 'True', 'indirect_selection': 'eager', 'use_experimental_parser': 'False', 'log_path': 'logs'}
[0m12:06:37.077633 [error] [MainThread]: Encountered an error:
Runtime Error
  No dbt_project.yml found at expected path C:\Users\mattd\OneDrive\Matts Documents\Docker\docker-projects\n8n\dbt_project.yml
  Verify that each entry within packages.yml (and their transitive dependencies) contains a file named dbt_project.yml
  
[0m12:06:37.079318 [debug] [MainThread]: Command `dbt build` failed at 12:06:37.078749 after 0.44 seconds
[0m12:06:37.079839 [debug] [MainThread]: Sending event: {'category': 'dbt', 'action': 'invocation', 'label': 'end', 'context': [<snowplow_tracker.self_describing_json.SelfDescribingJson object at 0x000001D54911BAD0>, <snowplow_tracker.self_describing_json.SelfDescribingJson object at 0x000001D5494657F0>, <snowplow_tracker.self_describing_json.SelfDescribingJson object at 0x000001D545A88CB0>]}
[0m12:06:37.080387 [debug] [MainThread]: Flushing usage events
[0m12:06:37.925403 [debug] [MainThread]: An error was encountered while trying to flush usage events
[0m19:10:29.284016 [debug] [MainThread]: Sending event: {'category': 'dbt', 'action': 'invocation', 'label': 'start', 'context': [<snowplow_tracker.self_describing_json.SelfDescribingJson object at 0x0000016CDE117CE0>, <snowplow_tracker.self_describing_json.SelfDescribingJson object at 0x0000016CDE1158E0>, <snowplow_tracker.self_describing_json.SelfDescribingJson object at 0x0000016CDE6D6270>]}


============================== 19:10:29.295615 | 9bc44f69-b8dd-4d4b-a23b-e65e1096a3c0 ==============================
[0m19:10:29.295615 [info ] [MainThread]: Running with dbt=1.11.2
[0m19:10:29.296615 [debug] [MainThread]: running dbt with arguments {'static_parser': 'True', 'no_print': 'None', 'version_check': 'True', 'warn_error_options': 'WarnErrorOptionsV2(error=[], warn=[], silence=[])', 'target_path': 'None', 'printer_width': '80', 'write_json': 'True', 'introspect': 'True', 'log_cache_events': 'False', 'empty': 'False', 'cache_selected_only': 'False', 'fail_fast': 'False', 'debug': 'False', 'log_format': 'default', 'profiles_dir': 'C:\\Users\\mattd\\.dbt', 'send_anonymous_usage_stats': 'True', 'quiet': 'False', 'warn_error': 'None', 'partial_parse': 'True', 'use_colors': 'True', 'indirect_selection': 'eager', 'invocation_command': 'dbt run --select +fct_transactions', 'use_experimental_parser': 'False', 'log_path': 'logs'}
[0m19:10:29.298126 [error] [MainThread]: Encountered an error:
Runtime Error
  No dbt_project.yml found at expected path C:\Users\mattd\OneDrive\Matts Documents\docker\docker-projects\n8n\dbt_project.yml
  Verify that each entry within packages.yml (and their transitive dependencies) contains a file named dbt_project.yml
  
[0m19:10:29.299140 [debug] [MainThread]: Command `dbt run` failed at 19:10:29.299140 after 0.30 seconds
[0m19:10:29.299140 [debug] [MainThread]: Sending event: {'category': 'dbt', 'action': 'invocation', 'label': 'end', 'context': [<snowplow_tracker.self_describing_json.SelfDescribingJson object at 0x0000016CDEDE88C0>, <snowplow_tracker.self_describing_json.SelfDescribingJson object at 0x0000016CDE74CF20>, <snowplow_tracker.self_describing_json.SelfDescribingJson object at 0x0000016CDB168B30>]}
[0m19:10:29.300654 [debug] [MainThread]: Flushing usage events
[0m19:10:30.013903 [debug] [MainThread]: An error was encountered while trying to flush usage events
